{
  "product": [
    {
      "id": "regex:.+",
      "title": "Клубника",
      "price": 55,
      "category_id":"8886493b-5a22-466d-a05a-7c74799603da"
    }
  ],
  "category": [
    {
      "id": "8886493b-5a22-466d-a05a-7c74799603db",
      "title": "Овощи"
    },
    {
      "id": "8886493b-5a22-466d-a05a-7c74799603da",
      "title": "Фрукты"
    }
  ]
}